2025-12-17 17:49:45 [scrapy.utils.log] INFO: Scrapy 2.13.4 started (bot: email_crawler)
2025-12-17 17:49:45 [scrapy.utils.log] INFO: Versions:
{'lxml': '6.0.2',
 'libxml2': '2.14.6',
 'cssselect': '1.3.0',
 'parsel': '1.10.0',
 'w3lib': '2.3.1',
 'Twisted': '25.5.0',
 'Python': '3.12.12 (main, Nov  7 2025, 00:07:10) [GCC 13.3.0]',
 'pyOpenSSL': '25.3.0 (OpenSSL 3.5.4 30 Sep 2025)',
 'cryptography': '46.0.3',
 'Platform': 'Linux-6.8.0-x86_64-with-glibc2.39'}
2025-12-17 17:49:45 [scrapy.addons] INFO: Enabled addons:
[]
2025-12-17 17:49:45 [scrapy.middleware] INFO: Enabled extensions:
['scrapy.extensions.corestats.CoreStats',
 'scrapy.extensions.memusage.MemoryUsage',
 'scrapy.extensions.logstats.LogStats',
 'scrapy.extensions.throttle.AutoThrottle']
2025-12-17 17:49:45 [scrapy.crawler] INFO: Overridden settings:
{'AUTOTHROTTLE_ENABLED': True,
 'AUTOTHROTTLE_MAX_DELAY': 1.5,
 'AUTOTHROTTLE_START_DELAY': 0.1,
 'AUTOTHROTTLE_TARGET_CONCURRENCY': 64,
 'BOT_NAME': 'email_crawler',
 'CONCURRENT_REQUESTS': 128,
 'COOKIES_ENABLED': False,
 'DOWNLOAD_TIMEOUT': 15,
 'LOG_LEVEL': 'INFO',
 'NEWSPIDER_MODULE': 'email_crawler.spiders',
 'REACTOR_THREADPOOL_MAXSIZE': 32,
 'RETRY_TIMES': 3,
 'SPIDER_MODULES': ['email_crawler.spiders'],
 'TELNETCONSOLE_ENABLED': False}
2025-12-17 17:49:45 [scrapy.middleware] INFO: Enabled downloader middlewares:
['scrapy.downloadermiddlewares.offsite.OffsiteMiddleware',
 'scrapy.downloadermiddlewares.httpauth.HttpAuthMiddleware',
 'scrapy.downloadermiddlewares.downloadtimeout.DownloadTimeoutMiddleware',
 'scrapy.downloadermiddlewares.defaultheaders.DefaultHeadersMiddleware',
 'scrapy.downloadermiddlewares.useragent.UserAgentMiddleware',
 'scrapy.downloadermiddlewares.retry.RetryMiddleware',
 'scrapy.downloadermiddlewares.redirect.MetaRefreshMiddleware',
 'scrapy.downloadermiddlewares.httpcompression.HttpCompressionMiddleware',
 'scrapy.downloadermiddlewares.redirect.RedirectMiddleware',
 'scrapy.downloadermiddlewares.httpproxy.HttpProxyMiddleware',
 'scrapy.downloadermiddlewares.stats.DownloaderStats']
2025-12-17 17:49:45 [scrapy.middleware] INFO: Enabled spider middlewares:
['scrapy.spidermiddlewares.start.StartSpiderMiddleware',
 'scrapy.spidermiddlewares.httperror.HttpErrorMiddleware',
 'scrapy.spidermiddlewares.referer.RefererMiddleware',
 'scrapy.spidermiddlewares.urllength.UrlLengthMiddleware',
 'scrapy.spidermiddlewares.depth.DepthMiddleware']
2025-12-17 17:49:45 [scrapy.middleware] INFO: Enabled item pipelines:
['email_crawler.pipelines.EmailValidationPipeline',
 'email_crawler.pipelines.CsvWriterPipeline']
2025-12-17 17:49:45 [scrapy.core.engine] INFO: Spider opened
2025-12-17 17:49:45 [py.warnings] WARNING: /home/jules/.pyenv/versions/3.12.12/lib/python3.12/site-packages/scrapy/core/spidermw.py:433: ScrapyDeprecationWarning: email_crawler.spiders.sites_spider.SitesSpider defines the deprecated start_requests() method. start_requests() has been deprecated in favor of a new method, start(), to support asynchronous code execution. start_requests() will stop being called in a future version of Scrapy. If you use Scrapy 2.13 or higher only, replace start_requests() with start(); note that start() is a coroutine (async def). If you need to maintain compatibility with lower Scrapy versions, when overriding start_requests() in a spider class, override start() as well; you can use super() to reuse the inherited start() implementation without copy-pasting. See the release notes of Scrapy 2.13 for details: https://docs.scrapy.org/en/2.13/news.html
  warn(

2025-12-17 17:49:45 [scrapy.extensions.logstats] INFO: Crawled 0 pages (at 0 pages/min), scraped 0 items (at 0 items/min)
2025-12-17 17:49:46 [scrapy.core.engine] INFO: Closing spider (finished)
2025-12-17 17:49:46 [scrapy.statscollectors] INFO: Dumping Scrapy stats:
{'downloader/request_bytes': 1530,
 'downloader/request_count': 6,
 'downloader/request_method_count/GET': 6,
 'downloader/response_bytes': 16294,
 'downloader/response_count': 6,
 'downloader/response_status_count/200': 6,
 'dupefilter/filtered': 11,
 'elapsed_time_seconds': 0.725192,
 'finish_reason': 'finished',
 'finish_time': datetime.datetime(2025, 12, 17, 17, 49, 46, 653659, tzinfo=datetime.timezone.utc),
 'httpcompression/response_bytes': 33789,
 'httpcompression/response_count': 6,
 'item_scraped_count': 1,
 'items_per_minute': None,
 'log_count/INFO': 8,
 'log_count/WARNING': 1,
 'memusage/max': 157581312,
 'memusage/startup': 157581312,
 'request_depth_max': 2,
 'response_received_count': 6,
 'responses_per_minute': None,
 'scheduler/dequeued': 6,
 'scheduler/dequeued/memory': 6,
 'scheduler/enqueued': 6,
 'scheduler/enqueued/memory': 6,
 'start_time': datetime.datetime(2025, 12, 17, 17, 49, 45, 928467, tzinfo=datetime.timezone.utc)}
2025-12-17 17:49:46 [scrapy.core.engine] INFO: Spider closed (finished)
