Collecting Scrapy>=2.11.0 (from -r requirements.txt (line 1))
  Downloading scrapy-2.13.4-py3-none-any.whl.metadata (4.4 kB)
Collecting pandas>=2.0.0 (from -r requirements.txt (line 2))
  Downloading pandas-2.3.3-cp312-cp312-manylinux_2_24_x86_64.manylinux_2_28_x86_64.whl.metadata (91 kB)
Collecting openpyxl>=3.1.0 (from -r requirements.txt (line 3))
  Downloading openpyxl-3.1.5-py2.py3-none-any.whl.metadata (2.5 kB)
Collecting email-validator>=2.0.0 (from -r requirements.txt (line 4))
  Downloading email_validator-2.3.0-py3-none-any.whl.metadata (26 kB)
Collecting dnspython>=2.0.0 (from -r requirements.txt (line 5))
  Downloading dnspython-2.8.0-py3-none-any.whl.metadata (5.7 kB)
Collecting pytest>=7.0.0 (from -r requirements.txt (line 6))
  Downloading pytest-9.0.2-py3-none-any.whl.metadata (7.6 kB)
Collecting scrapy-playwright>=0.0.1 (from -r requirements.txt (line 7))
  Downloading scrapy_playwright-0.0.44-py3-none-any.whl.metadata (43 kB)
Collecting cryptography>=37.0.0 (from Scrapy>=2.11.0->-r requirements.txt (line 1))
  Using cached cryptography-46.0.3-cp311-abi3-manylinux_2_34_x86_64.whl.metadata (5.7 kB)
Collecting cssselect>=0.9.1 (from Scrapy>=2.11.0->-r requirements.txt (line 1))
  Downloading cssselect-1.3.0-py3-none-any.whl.metadata (2.6 kB)
Collecting defusedxml>=0.7.1 (from Scrapy>=2.11.0->-r requirements.txt (line 1))
  Downloading defusedxml-0.7.1-py2.py3-none-any.whl.metadata (32 kB)
Collecting itemadapter>=0.1.0 (from Scrapy>=2.11.0->-r requirements.txt (line 1))
  Downloading itemadapter-0.13.0-py3-none-any.whl.metadata (22 kB)
Collecting itemloaders>=1.0.1 (from Scrapy>=2.11.0->-r requirements.txt (line 1))
  Downloading itemloaders-1.3.2-py3-none-any.whl.metadata (3.9 kB)
Collecting lxml>=4.6.0 (from Scrapy>=2.11.0->-r requirements.txt (line 1))
  Downloading lxml-6.0.2-cp312-cp312-manylinux_2_26_x86_64.manylinux_2_28_x86_64.whl.metadata (3.6 kB)
Collecting packaging (from Scrapy>=2.11.0->-r requirements.txt (line 1))
  Using cached packaging-25.0-py3-none-any.whl.metadata (3.3 kB)
Collecting parsel>=1.5.0 (from Scrapy>=2.11.0->-r requirements.txt (line 1))
  Downloading parsel-1.10.0-py2.py3-none-any.whl.metadata (11 kB)
Collecting protego>=0.1.15 (from Scrapy>=2.11.0->-r requirements.txt (line 1))
  Downloading protego-0.5.0-py3-none-any.whl.metadata (6.4 kB)
Collecting pydispatcher>=2.0.5 (from Scrapy>=2.11.0->-r requirements.txt (line 1))
  Downloading PyDispatcher-2.0.7-py3-none-any.whl.metadata (2.4 kB)
Collecting pyopenssl>=22.0.0 (from Scrapy>=2.11.0->-r requirements.txt (line 1))
  Downloading pyopenssl-25.3.0-py3-none-any.whl.metadata (17 kB)
Collecting queuelib>=1.4.2 (from Scrapy>=2.11.0->-r requirements.txt (line 1))
  Downloading queuelib-1.8.0-py3-none-any.whl.metadata (6.1 kB)
Collecting service-identity>=18.1.0 (from Scrapy>=2.11.0->-r requirements.txt (line 1))
  Downloading service_identity-24.2.0-py3-none-any.whl.metadata (5.1 kB)
Collecting tldextract (from Scrapy>=2.11.0->-r requirements.txt (line 1))
  Downloading tldextract-5.3.0-py3-none-any.whl.metadata (11 kB)
Collecting twisted<=25.5.0,>=21.7.0 (from Scrapy>=2.11.0->-r requirements.txt (line 1))
  Downloading twisted-25.5.0-py3-none-any.whl.metadata (22 kB)
Collecting w3lib>=1.17.0 (from Scrapy>=2.11.0->-r requirements.txt (line 1))
  Downloading w3lib-2.3.1-py3-none-any.whl.metadata (2.3 kB)
Collecting zope-interface>=5.1.0 (from Scrapy>=2.11.0->-r requirements.txt (line 1))
  Downloading zope_interface-8.1.1-cp312-cp312-manylinux1_x86_64.manylinux2014_x86_64.manylinux_2_17_x86_64.manylinux_2_5_x86_64.whl.metadata (45 kB)
Collecting attrs>=22.2.0 (from twisted<=25.5.0,>=21.7.0->Scrapy>=2.11.0->-r requirements.txt (line 1))
  Downloading attrs-25.4.0-py3-none-any.whl.metadata (10 kB)
Collecting automat>=24.8.0 (from twisted<=25.5.0,>=21.7.0->Scrapy>=2.11.0->-r requirements.txt (line 1))
  Downloading automat-25.4.16-py3-none-any.whl.metadata (8.4 kB)
Collecting constantly>=15.1 (from twisted<=25.5.0,>=21.7.0->Scrapy>=2.11.0->-r requirements.txt (line 1))
  Downloading constantly-23.10.4-py3-none-any.whl.metadata (1.8 kB)
Collecting hyperlink>=17.1.1 (from twisted<=25.5.0,>=21.7.0->Scrapy>=2.11.0->-r requirements.txt (line 1))
  Downloading hyperlink-21.0.0-py2.py3-none-any.whl.metadata (1.5 kB)
Collecting incremental>=24.7.0 (from twisted<=25.5.0,>=21.7.0->Scrapy>=2.11.0->-r requirements.txt (line 1))
  Downloading incremental-24.11.0-py3-none-any.whl.metadata (9.5 kB)
Requirement already satisfied: typing-extensions>=4.2.0 in /home/jules/.pyenv/versions/3.12.12/lib/python3.12/site-packages (from twisted<=25.5.0,>=21.7.0->Scrapy>=2.11.0->-r requirements.txt (line 1)) (4.15.0)
Collecting numpy>=1.26.0 (from pandas>=2.0.0->-r requirements.txt (line 2))
  Downloading numpy-2.3.5-cp312-cp312-manylinux_2_27_x86_64.manylinux_2_28_x86_64.whl.metadata (62 kB)
Collecting python-dateutil>=2.8.2 (from pandas>=2.0.0->-r requirements.txt (line 2))
  Using cached python_dateutil-2.9.0.post0-py2.py3-none-any.whl.metadata (8.4 kB)
Collecting pytz>=2020.1 (from pandas>=2.0.0->-r requirements.txt (line 2))
  Downloading pytz-2025.2-py2.py3-none-any.whl.metadata (22 kB)
Collecting tzdata>=2022.7 (from pandas>=2.0.0->-r requirements.txt (line 2))
  Downloading tzdata-2025.3-py2.py3-none-any.whl.metadata (1.4 kB)
Collecting et-xmlfile (from openpyxl>=3.1.0->-r requirements.txt (line 3))
  Downloading et_xmlfile-2.0.0-py3-none-any.whl.metadata (2.7 kB)
Collecting idna>=2.0.0 (from email-validator>=2.0.0->-r requirements.txt (line 4))
  Using cached idna-3.11-py3-none-any.whl.metadata (8.4 kB)
Collecting iniconfig>=1.0.1 (from pytest>=7.0.0->-r requirements.txt (line 6))
  Using cached iniconfig-2.3.0-py3-none-any.whl.metadata (2.5 kB)
Collecting pluggy<2,>=1.5 (from pytest>=7.0.0->-r requirements.txt (line 6))
  Using cached pluggy-1.6.0-py3-none-any.whl.metadata (4.8 kB)
Collecting pygments>=2.7.2 (from pytest>=7.0.0->-r requirements.txt (line 6))
  Using cached pygments-2.19.2-py3-none-any.whl.metadata (2.5 kB)
Requirement already satisfied: playwright>=1.15 in /home/jules/.pyenv/versions/3.12.12/lib/python3.12/site-packages (from scrapy-playwright>=0.0.1->-r requirements.txt (line 7)) (1.55.0)
Collecting cffi>=2.0.0 (from cryptography>=37.0.0->Scrapy>=2.11.0->-r requirements.txt (line 1))
  Using cached cffi-2.0.0-cp312-cp312-manylinux2014_x86_64.manylinux_2_17_x86_64.whl.metadata (2.6 kB)
Collecting pycparser (from cffi>=2.0.0->cryptography>=37.0.0->Scrapy>=2.11.0->-r requirements.txt (line 1))
  Using cached pycparser-2.23-py3-none-any.whl.metadata (993 bytes)
Collecting jmespath>=0.9.5 (from itemloaders>=1.0.1->Scrapy>=2.11.0->-r requirements.txt (line 1))
  Downloading jmespath-1.0.1-py3-none-any.whl.metadata (7.6 kB)
Requirement already satisfied: pyee<14,>=13 in /home/jules/.pyenv/versions/3.12.12/lib/python3.12/site-packages (from playwright>=1.15->scrapy-playwright>=0.0.1->-r requirements.txt (line 7)) (13.0.0)
Requirement already satisfied: greenlet<4.0.0,>=3.1.1 in /home/jules/.pyenv/versions/3.12.12/lib/python3.12/site-packages (from playwright>=1.15->scrapy-playwright>=0.0.1->-r requirements.txt (line 7)) (3.2.4)
Collecting six>=1.5 (from python-dateutil>=2.8.2->pandas>=2.0.0->-r requirements.txt (line 2))
  Using cached six-1.17.0-py2.py3-none-any.whl.metadata (1.7 kB)
Collecting pyasn1 (from service-identity>=18.1.0->Scrapy>=2.11.0->-r requirements.txt (line 1))
  Downloading pyasn1-0.6.1-py3-none-any.whl.metadata (8.4 kB)
Collecting pyasn1-modules (from service-identity>=18.1.0->Scrapy>=2.11.0->-r requirements.txt (line 1))
  Downloading pyasn1_modules-0.4.2-py3-none-any.whl.metadata (3.5 kB)
Collecting requests>=2.1.0 (from tldextract->Scrapy>=2.11.0->-r requirements.txt (line 1))
  Using cached requests-2.32.5-py3-none-any.whl.metadata (4.9 kB)
Collecting requests-file>=1.4 (from tldextract->Scrapy>=2.11.0->-r requirements.txt (line 1))
  Downloading requests_file-3.0.1-py2.py3-none-any.whl.metadata (1.7 kB)
Collecting filelock>=3.0.8 (from tldextract->Scrapy>=2.11.0->-r requirements.txt (line 1))
  Downloading filelock-3.20.1-py3-none-any.whl.metadata (2.1 kB)
Collecting charset_normalizer<4,>=2 (from requests>=2.1.0->tldextract->Scrapy>=2.11.0->-r requirements.txt (line 1))
  Using cached charset_normalizer-3.4.4-cp312-cp312-manylinux2014_x86_64.manylinux_2_17_x86_64.manylinux_2_28_x86_64.whl.metadata (37 kB)
Collecting urllib3<3,>=1.21.1 (from requests>=2.1.0->tldextract->Scrapy>=2.11.0->-r requirements.txt (line 1))
  Downloading urllib3-2.6.2-py3-none-any.whl.metadata (6.6 kB)
Collecting certifi>=2017.4.17 (from requests>=2.1.0->tldextract->Scrapy>=2.11.0->-r requirements.txt (line 1))
  Downloading certifi-2025.11.12-py3-none-any.whl.metadata (2.5 kB)
Downloading scrapy-2.13.4-py3-none-any.whl (321 kB)
Downloading twisted-25.5.0-py3-none-any.whl (3.2 MB)
   ━━━━━━━━━━━━━━━━━━━━━━━━━━━━━━━━━━━━━━━━ 3.2/3.2 MB 10.3 MB/s  0:00:00
Downloading pandas-2.3.3-cp312-cp312-manylinux_2_24_x86_64.manylinux_2_28_x86_64.whl (12.4 MB)
   ━━━━━━━━━━━━━━━━━━━━━━━━━━━━━━━━━━━━━━━━ 12.4/12.4 MB 22.8 MB/s  0:00:00
Downloading openpyxl-3.1.5-py2.py3-none-any.whl (250 kB)
Downloading email_validator-2.3.0-py3-none-any.whl (35 kB)
Downloading dnspython-2.8.0-py3-none-any.whl (331 kB)
Downloading pytest-9.0.2-py3-none-any.whl (374 kB)
Using cached pluggy-1.6.0-py3-none-any.whl (20 kB)
Downloading scrapy_playwright-0.0.44-py3-none-any.whl (27 kB)
Downloading attrs-25.4.0-py3-none-any.whl (67 kB)
Downloading automat-25.4.16-py3-none-any.whl (42 kB)
Downloading constantly-23.10.4-py3-none-any.whl (13 kB)
Using cached cryptography-46.0.3-cp311-abi3-manylinux_2_34_x86_64.whl (4.5 MB)
Using cached cffi-2.0.0-cp312-cp312-manylinux2014_x86_64.manylinux_2_17_x86_64.whl (219 kB)
Downloading cssselect-1.3.0-py3-none-any.whl (18 kB)
Downloading defusedxml-0.7.1-py2.py3-none-any.whl (25 kB)
Downloading hyperlink-21.0.0-py2.py3-none-any.whl (74 kB)
Using cached idna-3.11-py3-none-any.whl (71 kB)
Downloading incremental-24.11.0-py3-none-any.whl (21 kB)
Using cached iniconfig-2.3.0-py3-none-any.whl (7.5 kB)
Downloading itemadapter-0.13.0-py3-none-any.whl (18 kB)
Downloading itemloaders-1.3.2-py3-none-any.whl (12 kB)
Downloading jmespath-1.0.1-py3-none-any.whl (20 kB)
Downloading lxml-6.0.2-cp312-cp312-manylinux_2_26_x86_64.manylinux_2_28_x86_64.whl (5.3 MB)
   ━━━━━━━━━━━━━━━━━━━━━━━━━━━━━━━━━━━━━━━━ 5.3/5.3 MB 20.0 MB/s  0:00:00
Downloading numpy-2.3.5-cp312-cp312-manylinux_2_27_x86_64.manylinux_2_28_x86_64.whl (16.6 MB)
   ━━━━━━━━━━━━━━━━━━━━━━━━━━━━━━━━━━━━━━━━ 16.6/16.6 MB 26.6 MB/s  0:00:00
Using cached packaging-25.0-py3-none-any.whl (66 kB)
Downloading parsel-1.10.0-py2.py3-none-any.whl (17 kB)
Downloading protego-0.5.0-py3-none-any.whl (10 kB)
Downloading PyDispatcher-2.0.7-py3-none-any.whl (12 kB)
Using cached pygments-2.19.2-py3-none-any.whl (1.2 MB)
Downloading pyopenssl-25.3.0-py3-none-any.whl (57 kB)
Using cached python_dateutil-2.9.0.post0-py2.py3-none-any.whl (229 kB)
Downloading pytz-2025.2-py2.py3-none-any.whl (509 kB)
Downloading queuelib-1.8.0-py3-none-any.whl (13 kB)
Downloading service_identity-24.2.0-py3-none-any.whl (11 kB)
Using cached six-1.17.0-py2.py3-none-any.whl (11 kB)
Downloading tzdata-2025.3-py2.py3-none-any.whl (348 kB)
Downloading w3lib-2.3.1-py3-none-any.whl (21 kB)
Downloading zope_interface-8.1.1-cp312-cp312-manylinux1_x86_64.manylinux2014_x86_64.manylinux_2_17_x86_64.manylinux_2_5_x86_64.whl (264 kB)
Downloading et_xmlfile-2.0.0-py3-none-any.whl (18 kB)
Downloading pyasn1-0.6.1-py3-none-any.whl (83 kB)
Downloading pyasn1_modules-0.4.2-py3-none-any.whl (181 kB)
Using cached pycparser-2.23-py3-none-any.whl (118 kB)
Downloading tldextract-5.3.0-py3-none-any.whl (107 kB)
Downloading filelock-3.20.1-py3-none-any.whl (16 kB)
Using cached requests-2.32.5-py3-none-any.whl (64 kB)
Using cached charset_normalizer-3.4.4-cp312-cp312-manylinux2014_x86_64.manylinux_2_17_x86_64.manylinux_2_28_x86_64.whl (153 kB)
Downloading urllib3-2.6.2-py3-none-any.whl (131 kB)
Downloading certifi-2025.11.12-py3-none-any.whl (159 kB)
Downloading requests_file-3.0.1-py2.py3-none-any.whl (4.5 kB)
Installing collected packages: pytz, pydispatcher, zope-interface, w3lib, urllib3, tzdata, six, queuelib, pygments, pycparser, pyasn1, protego, pluggy, packaging, numpy, lxml, jmespath, itemadapter, iniconfig, idna, filelock, et-xmlfile, dnspython, defusedxml, cssselect, constantly, charset_normalizer, certifi, automat, attrs, requests, python-dateutil, pytest, pyasn1-modules, parsel, openpyxl, incremental, hyperlink, email-validator, cffi, twisted, requests-file, pandas, itemloaders, cryptography, tldextract, service-identity, pyopenssl, Scrapy, scrapy-playwright

Successfully installed Scrapy-2.13.4 attrs-25.4.0 automat-25.4.16 certifi-2025.11.12 cffi-2.0.0 charset_normalizer-3.4.4 constantly-23.10.4 cryptography-46.0.3 cssselect-1.3.0 defusedxml-0.7.1 dnspython-2.8.0 email-validator-2.3.0 et-xmlfile-2.0.0 filelock-3.20.1 hyperlink-21.0.0 idna-3.11 incremental-24.11.0 iniconfig-2.3.0 itemadapter-0.13.0 itemloaders-1.3.2 jmespath-1.0.1 lxml-6.0.2 numpy-2.3.5 openpyxl-3.1.5 packaging-25.0 pandas-2.3.3 parsel-1.10.0 pluggy-1.6.0 protego-0.5.0 pyasn1-0.6.1 pyasn1-modules-0.4.2 pycparser-2.23 pydispatcher-2.0.7 pygments-2.19.2 pyopenssl-25.3.0 pytest-9.0.2 python-dateutil-2.9.0.post0 pytz-2025.2 queuelib-1.8.0 requests-2.32.5 requests-file-3.0.1 scrapy-playwright-0.0.44 service-identity-24.2.0 six-1.17.0 tldextract-5.3.0 twisted-25.5.0 tzdata-2025.3 urllib3-2.6.2 w3lib-2.3.1 zope-interface-8.1.1
